ID:             DEV-MUC3-0033
INCIDENT:       KIDNAPPING
WEAPON:         -
PERP INDIV:     ARMED MEN WEARING CIVILIAN CLOTHES / ARMED MEN
PERP ORG:       -
TARGET:         -
VICTIM:         HECTOR OQUELI
                GILDA FLORES


ID:             DEV-MUC3-0004
INCIDENT:       ATTACK
WEAPON:         -
PERP INDIV:     -
PERP ORG:       AIR FORCE
TARGET:         -
VICTIM:         ARNULFO ROMERO
                SALVADORANS
                JESUIT PRIESTS


ID:             DEV-MUC3-0075
INCIDENT:       BOMBING
WEAPON:         BOMB / BOMB BLAST
                DYNAMITE AND A FUSE
PERP INDIV:     JACOBO CARCOMO COMMAND / LEFTIST GROUP
PERP ORG:       MORAZANIST PATRIOTIC FRONT / FPM
TARGET:         TELEPHONE OFFICE / HONDUTEL OFFICE / [HONDURAN TELECOMMUNICATIONS ENTERPRISE] OFFICE / HONDUTEL [HONDURAN TELECOMMUNICATIONS ENTERPRISE] OFFICE
VICTIM:         -


ID:             DEV-MUC3-0093
INCIDENT:       ATTACK
WEAPON:         -
PERP INDIV:     FARC 12TH FRONT MEMBERS
PERP ORG:       FARC 12TH FRONT
TARGET:         -
VICTIM:         PEASANTS


ID:             DEV-MUC3-0078
INCIDENT:       BOMBING
WEAPON:         BOMBS
PERP INDIV:     GUERRILLAS
PERP ORG:       FMLN
TARGET:         UNIDENTIFIED OFFICE OF THE AGRICULTURE AND LIVESTOCK MINISTRY / UNIDENTIFIED OFFICE IN THE AGRICULTURE AND LIVESTOCK MINISTRY BUILDING
                VEHICLES
                HOUSES
VICTIM:         -


ID:             DEV-MUC3-0023
INCIDENT:       ATTACK
WEAPON:         -
PERP INDIV:     16 SUSPECTS
PERP ORG:       TUPAC AMARU REVOLUTIONARY MOVEMENT / MRTA
                SHINING PATH
TARGET:         -
VICTIM:         ENRIQUE LOPEZ ALBUJAR


ID:             DEV-MUC3-0025
INCIDENT:       KIDNAPPING
WEAPON:         -
PERP INDIV:     HEAVILY ARMED MEN
PERP ORG:       -
TARGET:         -
VICTIM:         HECTOR OQUELI COLINDRES
                GILDA FLORES


ID:             DEV-MUC3-0100
INCIDENT:       BOMBING
WEAPON:         DYNAMITE CHARGE
PERP INDIV:     -
PERP ORG:       -
TARGET:         CARGO TRAIN
VICTIM:         EULOGIO FLORES


ID:             DEV-MUC3-0044
INCIDENT:       BOMBING
WEAPON:         EXPLOSIVES LOADED IN A SMALL TRUCK / EXPLOSIVES / THREE HANDMADE CATAPULTS / HANDMADE CATAPULTS / CATAPULTS / MOBILE ARMED PLATFORMS / MOBILE ARMED PLATFORMS
                7 KG OF DYNAMITE / DYNAMITE
PERP INDIV:     GUERRILLAS
PERP ORG:       FMLN
TARGET:         SALVADORAN PRESIDENTIAL HOUSE / PRESIDENTIAL HOUSE / PRESIDENCY
VICTIM:         -


ID:             DEV-MUC3-0026
INCIDENT:       KIDNAPPING
WEAPON:         -
PERP INDIV:     HEAVILY ARMED MEN WEARING CIVILIAN CLOTHING / HEAVILY ARMED MEN
PERP ORG:       -
TARGET:         -
VICTIM:         HECTOR OQUELI COLINDRES


ID:             DEV-MUC3-0028
INCIDENT:       ATTACK
WEAPON:         -
PERP INDIV:     OFFICERS / MUCH HIGHER LEVEL OFFICERS / MILITARY PERSONNEL
PERP ORG:       ARMED FORCES
TARGET:         -
VICTIM:         JESUIT PRIESTS / JESUITS
                COOK
                COOK'S 15-YEAR-OLD DAUGHTER


ID:             DEV-MUC3-0042
INCIDENT:       BOMBING
WEAPON:         DYNAMITE STICKS / DYNAMITE
PERP INDIV:     TEN TERRORISTS / 10 TERRORISTS
PERP ORG:       -
TARGET:         EMBASSY FACILITIES
VICTIM:         EMBASSY OFFICIALS
                SECURITY OFFICERS


ID:             DEV-MUC3-0084
INCIDENT:       ATTACK
WEAPON:         -
PERP INDIV:     GUERRILLAS / MAOIST SHINING PATH GUERRILLAS
PERP ORG:       SHINING PATH
TARGET:         -
VICTIM:         ARMANSIO QUISPE
                PEASANTS


ID:             DEV-MUC3-0022
INCIDENT:       ATTACK
WEAPON:         -
PERP INDIV:     FIVE SOLDIERS
PERP ORG:       ARMY
TARGET:         -
VICTIM:         JESUIT PRIESTS


ID:             DEV-MUC3-0051
INCIDENT:       BOMBING
WEAPON:         125 TO 150 GRAMS OF TNT
PERP INDIV:     TWO INDIVIDUALS / TWO INDIVIDUALS WEARING SPORTS CLOTHES
PERP ORG:       -
TARGET:         PILMAIQUEN TELEPHONE COMPANY BUILDING / TELEPHONE COMPANY BUILDING / TELEPHONE COMPANY OFFICES
                PUBLIC TELEPHONE BOOTH
                WATER PIPES
VICTIM:         -


ID:             DEV-MUC3-0045
INCIDENT:       ATTACK
WEAPON:         -
PERP INDIV:     PROFESSIONALS
PERP ORG:       -
TARGET:         -
VICTIM:         GUSTAVO ALVAREZ MARTINEZ


ID:             DEV-MUC3-0077
INCIDENT:       KIDNAPPING
WEAPON:         -
PERP INDIV:     KIDNAPPERS
PERP ORG:       -
TARGET:         -
VICTIM:         NORMAL ECHEVARRIA
                MICHAEL REYFF


ID:             DEV-MUC3-0036
INCIDENT:       KIDNAPPING
WEAPON:         -
PERP INDIV:     SALVADORAN PARAMILITARY GROUPS
PERP ORG:       -
TARGET:         -
VICTIM:         HECTOR OQUELI
                GILDA FLORES


ID:             DEV-MUC3-0059
INCIDENT:       ATTACK
WEAPON:         GRENADES
                BULLET
PERP INDIV:     PRESUMED MEMBERS OF THE SHINING PATH GROUP
PERP ORG:       SHINING PATH
TARGET:         -
VICTIM:         RICARDO BOHORQUEZ
                COMMUNITY / PEOPLE / PEOPLE IN THE GATHERING


ID:             DEV-MUC3-0092
INCIDENT:       ATTACK
WEAPON:         -
PERP INDIV:     THREE MEMBERS OF THE GANG CALLED THE OWLS / MEMBERS OF A BAND CALLED THE OWLS
PERP ORG:       THE OWLS / OWLS
TARGET:         -
VICTIM:         ERNESTO SAMPER
                JOSE ANTEQUERA


ID:             DEV-MUC3-0012
INCIDENT:       ATTACK
WEAPON:         -
PERP INDIV:     SUBVERSIVES / GROUP OF SUBVERSIVES
PERP ORG:       -
TARGET:         -
VICTIM:         ENRIQUE LOPEZ ALBUJAR


ID:             DEV-MUC3-0061
INCIDENT:       ATTACK
WEAPON:         -
PERP INDIV:     MURDERERS
                MAJOR ROBERTO D'AUBUISSON
PERP ORG:       -
TARGET:         -
VICTIM:         ARNULFO ROMERO


ID:             DEV-MUC3-0014
INCIDENT:       ATTACK
WEAPON:         MACHINE-GUN
PERP INDIV:     MEMBERS OF THE ARMED FORCES / MEMBERS OF THE ARMED FORCES
                MORE THAN SEVEN PEOPLE
                TWO DIFFERENT GROUPS
PERP ORG:       ARMED FORCES
TARGET:         -
VICTIM:         JESUITS / CLERGYMEN
                MAIDS


ID:             DEV-MUC3-0062
INCIDENT:       ATTACK
WEAPON:         -
PERP INDIV:     DR ANTONIO REGALADO
                MAJOR ROBERTO D'AUBUISSON / MAJ ROBERTO D'AUBUISSON
PERP ORG:       -
TARGET:         -
VICTIM:         OSCAR ARNULFO ROMERO


ID:             DEV-MUC3-0006
INCIDENT:       ATTACK
WEAPON:         -
PERP INDIV:     -
PERP ORG:       -
TARGET:         STORES
                ELECTRIC TOWERS
VICTIM:         -


